// Jest Snapshot v1, https://goo.gl/fbAQLP

exports[`NewCourse should render correctly 1`] = `ShallowWrapper {}`;
